/mnt/c/Users/fireg/code/sensor-analysis/bayer-crosstalk-sim/rtl/physical/openroad-flow-scripts/flow/scripts/flow.sh 6_report final_report
Running final_report.tcl, stage 6_report
read_liberty /mnt/c/Users/fireg/code/sensor-analysis/bayer-crosstalk-sim/rtl/physical/openroad-flow-scripts/flow/platforms/nangate45/lib/NangateOpenCellLibrary_typical.lib
read_db /mnt/c/Users/fireg/code/sensor-analysis/bayer-crosstalk-sim/rtl/physical/work40/results/nangate45/dual_pd_zncc_tile/base/6_1_fill.odb
read_sdc /mnt/c/Users/fireg/code/sensor-analysis/bayer-crosstalk-sim/rtl/physical/work40/results/nangate45/dual_pd_zncc_tile/base/6_1_fill.sdc
source /mnt/c/Users/fireg/code/sensor-analysis/bayer-crosstalk-sim/rtl/physical/openroad-flow-scripts/flow/platforms/nangate45/setRC.tcl
write_db /mnt/c/Users/fireg/code/sensor-analysis/bayer-crosstalk-sim/rtl/physical/work40/results/nangate45/dual_pd_zncc_tile/base/6_final.odb
Took 6 seconds: write_db /mnt/c/Users/fireg/code/sensor-analysis/bayer-crosstalk-sim/rtl/physical/work40/results/nangate45/dual_pd_zncc_tile/base/6_final.odb
write_sdc -no_timestamp /mnt/c/Users/fireg/code/sensor-analysis/bayer-crosstalk-sim/rtl/physical/work40/results/nangate45/dual_pd_zncc_tile/base/6_final.sdc
Deleted 0 routing obstructions
OpenRCX is not enabled for this platform.
Falling back to global route-based estimates.
estimate_parasitics -global_routing
Took 5 seconds: estimate_parasitics -global_routing
Cell type report:                       Count       Area
  Fill cell                            132887  248270.30
  Tap cell                               2039     542.37
  Clock buffer                           1221    1439.33
  Timing Repair Buffer                  16096   13256.64
  Inverter                              21011   11236.11
  Clock inverter                          322     258.82
  Sequential cell                        4222   22463.70
  Multi-Input combinational cell        59069  103506.45
  Total                                236867  400973.72
Report metrics stage 6, finish...

==========================================================================
finish report_design_area
--------------------------------------------------------------------------
Design area 152161 um^2 38% utilization.
Elapsed time: 1:14.34[h:]min:sec. CPU time: user 124.20 sys 36.39 (216%). Peak memory: 1222240KB.
Log                       Ext     Elapsed/s Peak Memory/MB sha1sum result [0:20)
6_report                                 74           1193                  N/A
