cp /mnt/c/Users/fireg/code/sensor-analysis/bayer-crosstalk-sim/rtl/physical/dualpd_tile.sdc /mnt/c/Users/fireg/code/sensor-analysis/bayer-crosstalk-sim/rtl/physical/work/results/nangate45/dual_pd_zncc_tile/base/1_2_yosys.sdc
touch -r /mnt/c/Users/fireg/code/sensor-analysis/bayer-crosstalk-sim/rtl/physical/dualpd_tile.sdc /mnt/c/Users/fireg/code/sensor-analysis/bayer-crosstalk-sim/rtl/physical/work/results/nangate45/dual_pd_zncc_tile/base/1_2_yosys.sdc
/mnt/c/Users/fireg/code/sensor-analysis/bayer-crosstalk-sim/rtl/physical/openroad-flow-scripts/flow/scripts/flow.sh 2_1_floorplan floorplan
Running floorplan.tcl, stage 2_1_floorplan
read_liberty /mnt/c/Users/fireg/code/sensor-analysis/bayer-crosstalk-sim/rtl/physical/openroad-flow-scripts/flow/platforms/nangate45/lib/NangateOpenCellLibrary_typical.lib
read_db /mnt/c/Users/fireg/code/sensor-analysis/bayer-crosstalk-sim/rtl/physical/work/results/nangate45/dual_pd_zncc_tile/base/1_synth.odb
read_sdc /mnt/c/Users/fireg/code/sensor-analysis/bayer-crosstalk-sim/rtl/physical/work/results/nangate45/dual_pd_zncc_tile/base/1_synth.sdc
source /mnt/c/Users/fireg/code/sensor-analysis/bayer-crosstalk-sim/rtl/physical/openroad-flow-scripts/flow/platforms/nangate45/setRC.tcl

==========================================================================
Floorplan check_setup
--------------------------------------------------------------------------
number instances in verilog is 88978
initialize_floorplan -utilization 35 -aspect_ratio 1.0 -core_space 1.0 -site FreePDK45_38x28_10R_NP_162NW_34O
[INFO IFP-0107] Defining die area using utilization: 35.00% and aspect ratio: 1.
[WARNING IFP-0028] Core area lower left (1.000, 1.000) snapped to (1.140, 1.400).
[INFO IFP-0001] Added 452 rows of 3335 site FreePDK45_38x28_10R_NP_162NW_34O.
[INFO IFP-0100] Die BBox:  (  0.000  0.000 ) ( 635.930 635.930 ) um
[INFO IFP-0101] Core BBox: (  1.140  1.400 ) ( 634.790 634.200 ) um
[INFO IFP-0102] Core area:                       400973.720 um^2
[INFO IFP-0103] Total instances area:            140653.618 um^2
[INFO IFP-0104] Effective utilization:                0.351
[INFO IFP-0105] Number of instances:                  88978
source /mnt/c/Users/fireg/code/sensor-analysis/bayer-crosstalk-sim/rtl/physical/openroad-flow-scripts/flow/platforms/nangate45/make_tracks.tcl
source /mnt/c/Users/fireg/code/sensor-analysis/bayer-crosstalk-sim/rtl/physical/openroad-flow-scripts/flow/platforms/nangate45/fastroute.tcl
set_dont_use "TAPCELL_X1 FILLCELL_X1 AOI211_X1 OAI211_X1"
repair_tie_fanout -separation 0 NangateOpenCellLibrary/LOGIC0_X1/Z
[INFO RSZ-0042] Inserted 8 tie LOGIC0_X1 instances.
repair_tie_fanout -separation 0 NangateOpenCellLibrary/LOGIC1_X1/Z
[INFO RSZ-0042] Inserted 2 tie LOGIC1_X1 instances.
remove_buffers
[INFO RSZ-0026] Removed 4684 buffers.
Default units for flow
 time 1ns
 capacitance 1fF
 resistance 1kohm
 voltage 1v
 current 1mA
 power 1nW
 distance 1um
   Layer   | Unit Resistance | Unit Capacitance 
           |       (kohm/um) |          (fF/um)
------------------------------------------------
    metal1 |        5.43e-03 |         7.42e-02
    metal2 |        3.57e-03 |         8.34e-02
    metal3 |        3.57e-03 |         1.04e-01
    metal4 |        1.50e-03 |         1.19e-01
    metal5 |        1.50e-03 |         1.09e-01
    metal6 |        1.50e-03 |         1.14e-01
    metal7 |        1.88e-04 |         1.17e-01
    metal8 |        1.88e-04 |         9.45e-02
    metal9 |        3.75e-05 |         1.06e-01
   metal10 |        3.75e-05 |         7.37e-01
------------------------------------------------

   Layer   | Via Resistance 
           |         (kohm) 
----------------------------
      via1 |       5.00e-03 
      via2 |       5.00e-03 
      via3 |       5.00e-03 
      via4 |       3.00e-03 
      via5 |       3.00e-03 
      via6 |       3.00e-03 
      via7 |       1.00e-03 
      via8 |       1.00e-03 
      via9 |       5.00e-04 
----------------------------
Report metrics stage 2, floorplan final...

==========================================================================
floorplan final report_design_area
--------------------------------------------------------------------------
Design area 136826 um^2 34% utilization.
write_db /mnt/c/Users/fireg/code/sensor-analysis/bayer-crosstalk-sim/rtl/physical/work/results/nangate45/dual_pd_zncc_tile/base/2_1_floorplan.odb
write_sdc -no_timestamp /mnt/c/Users/fireg/code/sensor-analysis/bayer-crosstalk-sim/rtl/physical/work/results/nangate45/dual_pd_zncc_tile/base/2_1_floorplan.sdc
Elapsed time: 0:36.33[h:]min:sec. CPU time: user 40.21 sys 13.45 (147%). Peak memory: 434576KB.
Log                       Ext     Elapsed/s Peak Memory/MB sha1sum result [0:20)
2_1_floorplan             .odb           36            424 78779fb9106b8b26becb
2_1_floorplan             .sdc                             91eb9501909263548fd4
/mnt/c/Users/fireg/code/sensor-analysis/bayer-crosstalk-sim/rtl/physical/openroad-flow-scripts/flow/scripts/flow.sh 2_2_floorplan_macro macro_place
Running macro_place.tcl, stage 2_2_floorplan_macro
read_liberty /mnt/c/Users/fireg/code/sensor-analysis/bayer-crosstalk-sim/rtl/physical/openroad-flow-scripts/flow/platforms/nangate45/lib/NangateOpenCellLibrary_typical.lib
read_db /mnt/c/Users/fireg/code/sensor-analysis/bayer-crosstalk-sim/rtl/physical/work/results/nangate45/dual_pd_zncc_tile/base/2_1_floorplan.odb
read_sdc /mnt/c/Users/fireg/code/sensor-analysis/bayer-crosstalk-sim/rtl/physical/work/results/nangate45/dual_pd_zncc_tile/base/2_1_floorplan.sdc
source /mnt/c/Users/fireg/code/sensor-analysis/bayer-crosstalk-sim/rtl/physical/openroad-flow-scripts/flow/platforms/nangate45/setRC.tcl
No macros found: Skipping macro_placement
Design area 136826 um^2 34% utilization.
write_db /mnt/c/Users/fireg/code/sensor-analysis/bayer-crosstalk-sim/rtl/physical/work/results/nangate45/dual_pd_zncc_tile/base/2_2_floorplan_macro.odb
Elapsed time: 0:03.03[h:]min:sec. CPU time: user 0.59 sys 0.50 (36%). Peak memory: 237980KB.
Log                       Ext     Elapsed/s Peak Memory/MB sha1sum result [0:20)
2_2_floorplan_macro       .odb            3            232 78779fb9106b8b26becb
/mnt/c/Users/fireg/code/sensor-analysis/bayer-crosstalk-sim/rtl/physical/openroad-flow-scripts/flow/scripts/flow.sh 2_3_floorplan_tapcell tapcell
Running tapcell.tcl, stage 2_3_floorplan_tapcell
read_liberty /mnt/c/Users/fireg/code/sensor-analysis/bayer-crosstalk-sim/rtl/physical/openroad-flow-scripts/flow/platforms/nangate45/lib/NangateOpenCellLibrary_typical.lib
read_db /mnt/c/Users/fireg/code/sensor-analysis/bayer-crosstalk-sim/rtl/physical/work/results/nangate45/dual_pd_zncc_tile/base/2_2_floorplan_macro.odb
read_sdc /mnt/c/Users/fireg/code/sensor-analysis/bayer-crosstalk-sim/rtl/physical/work/results/nangate45/dual_pd_zncc_tile/base/2_1_floorplan.sdc
source /mnt/c/Users/fireg/code/sensor-analysis/bayer-crosstalk-sim/rtl/physical/openroad-flow-scripts/flow/platforms/nangate45/setRC.tcl
[INFO TAP-0004] Inserted 904 endcaps.
[INFO TAP-0005] Inserted 1135 tapcells.
Design area 136826 um^2 34% utilization.
write_db /mnt/c/Users/fireg/code/sensor-analysis/bayer-crosstalk-sim/rtl/physical/work/results/nangate45/dual_pd_zncc_tile/base/2_3_floorplan_tapcell.odb
Elapsed time: 0:02.96[h:]min:sec. CPU time: user 0.58 sys 0.43 (33%). Peak memory: 189120KB.
Log                       Ext     Elapsed/s Peak Memory/MB sha1sum result [0:20)
2_3_floorplan_tapcell     .odb            2            184 a7f38e304ec6fd90ebf8
/mnt/c/Users/fireg/code/sensor-analysis/bayer-crosstalk-sim/rtl/physical/openroad-flow-scripts/flow/scripts/flow.sh 2_4_floorplan_pdn pdn
Running pdn.tcl, stage 2_4_floorplan_pdn
read_liberty /mnt/c/Users/fireg/code/sensor-analysis/bayer-crosstalk-sim/rtl/physical/openroad-flow-scripts/flow/platforms/nangate45/lib/NangateOpenCellLibrary_typical.lib
read_db /mnt/c/Users/fireg/code/sensor-analysis/bayer-crosstalk-sim/rtl/physical/work/results/nangate45/dual_pd_zncc_tile/base/2_3_floorplan_tapcell.odb
read_sdc /mnt/c/Users/fireg/code/sensor-analysis/bayer-crosstalk-sim/rtl/physical/work/results/nangate45/dual_pd_zncc_tile/base/2_1_floorplan.sdc
source /mnt/c/Users/fireg/code/sensor-analysis/bayer-crosstalk-sim/rtl/physical/openroad-flow-scripts/flow/platforms/nangate45/setRC.tcl
[INFO PDN-0001] Inserting grid: grid
Design area 136826 um^2 34% utilization.
write_db /mnt/c/Users/fireg/code/sensor-analysis/bayer-crosstalk-sim/rtl/physical/work/results/nangate45/dual_pd_zncc_tile/base/2_4_floorplan_pdn.odb
Elapsed time: 0:03.45[h:]min:sec. CPU time: user 0.99 sys 0.49 (42%). Peak memory: 254172KB.
Log                       Ext     Elapsed/s Peak Memory/MB sha1sum result [0:20)
2_4_floorplan_pdn         .odb            3            248 73817cfa1a326254bedb
cp /mnt/c/Users/fireg/code/sensor-analysis/bayer-crosstalk-sim/rtl/physical/work/results/nangate45/dual_pd_zncc_tile/base/2_4_floorplan_pdn.odb /mnt/c/Users/fireg/code/sensor-analysis/bayer-crosstalk-sim/rtl/physical/work/results/nangate45/dual_pd_zncc_tile/base/2_floorplan.odb
cp /mnt/c/Users/fireg/code/sensor-analysis/bayer-crosstalk-sim/rtl/physical/work/results/nangate45/dual_pd_zncc_tile/base/2_1_floorplan.sdc /mnt/c/Users/fireg/code/sensor-analysis/bayer-crosstalk-sim/rtl/physical/work/results/nangate45/dual_pd_zncc_tile/base/2_floorplan.sdc
/mnt/c/Users/fireg/code/sensor-analysis/bayer-crosstalk-sim/rtl/physical/openroad-flow-scripts/flow/scripts/flow.sh 3_1_place_gp_skip_io global_place_skip_io
Running global_place_skip_io.tcl, stage 3_1_place_gp_skip_io
read_liberty /mnt/c/Users/fireg/code/sensor-analysis/bayer-crosstalk-sim/rtl/physical/openroad-flow-scripts/flow/platforms/nangate45/lib/NangateOpenCellLibrary_typical.lib
read_db /mnt/c/Users/fireg/code/sensor-analysis/bayer-crosstalk-sim/rtl/physical/work/results/nangate45/dual_pd_zncc_tile/base/2_floorplan.odb
read_sdc /mnt/c/Users/fireg/code/sensor-analysis/bayer-crosstalk-sim/rtl/physical/work/results/nangate45/dual_pd_zncc_tile/base/2_floorplan.sdc
source /mnt/c/Users/fireg/code/sensor-analysis/bayer-crosstalk-sim/rtl/physical/openroad-flow-scripts/flow/platforms/nangate45/setRC.tcl
global_placement -skip_io -density 0.3 -pad_left 0 -pad_right 0
[INFO GPL-0001] ---- Initialize GPL Main Data Structures
[INFO GPL-0002] DBU: 2000
[INFO GPL-0003] SiteSize: (  0.190  1.400 ) um
[INFO GPL-0004] CoreBBox: (  1.140  1.400 ) ( 634.790 634.200 ) um
[INFO GPL-0036] Movable instances area:     136825.878 um^2
[INFO GPL-0037] Total instances area:       137368.252 um^2
[INFO GPL-0035] Pin density area adjust:      8123.782 um^2
[INFO GPL-0032] ---- Initialize Region: Top-level
[INFO GPL-0006] Number of instances:             86341
[INFO GPL-0007] Movable instances:               84302
[INFO GPL-0008] Fixed instances:                  2039
[INFO GPL-0009] Dummy instances:                     0
[INFO GPL-0010] Number of nets:                 105312
[INFO GPL-0011] Number of pins:                 289805
[INFO GPL-0012] Die BBox:  (  0.000  0.000 ) ( 635.930 635.930 ) um
[INFO GPL-0013] Core BBox: (  1.140  1.400 ) ( 634.790 634.200 ) um
[INFO GPL-0016] Core area:                  400973.720 um^2
[INFO GPL-0014] Region name: top-level.
[INFO GPL-0015] Region area:                400973.720 um^2
[INFO GPL-0017] Fixed instances area:          542.374 um^2
[INFO GPL-0018] Movable instances area:     144949.660 um^2
[INFO GPL-0019] Utilization:                    36.198 %
[INFO GPL-0020] Standard cells area:        144949.660 um^2
[INFO GPL-0021] Large instances area:            0.000 um^2
[INFO GPL-0005] ---- Execute Conjugate Gradient Initial Placement.
[INFO GPL-0051] Source of initial instance position counters:
	Odb location = 10	Core center = 84292	Region center = 0
[INFO GPL-0033] ---- Initialize Nesterov Region: Top-level
[WARNING GPL-0302] Target density 0.3000 is too low for the available free area.
Automatically adjusting to uniform density 0.3700.
[INFO GPL-0023] Placement target density:       0.3700
[INFO GPL-0024] Movable insts average area:      1.719 um^2
[INFO GPL-0025] Ideal bin area:                  4.647 um^2
[INFO GPL-0026] Ideal bin count:                 86285
[INFO GPL-0027] Total bin area:             400973.720 um^2
[INFO GPL-0028] Bin count (X, Y):         256 ,    256
[INFO GPL-0029] Bin size (W * H):       2.475 *  2.472 um
[INFO GPL-0030] Number of bins:                  65536
[INFO GPL-0007] ---- Execute Nesterov Global Placement.
[INFO GPL-0031] HPWL: Half-Perimeter Wirelength
Iteration | Overflow |     HPWL (um) |  HPWL(%) |   Penalty | Group
---------------------------------------------------------------
        0 |   0.9994 |  1.134224e+05 |   +0.00% |  1.27e-16 |      
       10 |   0.9994 |  6.560197e+04 |  -42.16% |  2.06e-16 |      
       20 |   0.9995 |  6.424698e+04 |   -2.07% |  3.36e-16 |      
       30 |   0.9995 |  6.394312e+04 |   -0.47% |  5.48e-16 |      
       40 |   0.9995 |  6.390127e+04 |   -0.07% |  8.92e-16 |      
       50 |   0.9995 |  6.391671e+04 |   +0.02% |  1.45e-15 |      
       60 |   0.9994 |  6.397092e+04 |   +0.08% |  2.37e-15 |      
       70 |   0.9994 |  6.406026e+04 |   +0.14% |  3.85e-15 |      
       80 |   0.9994 |  6.423203e+04 |   +0.27% |  6.28e-15 |      
       90 |   0.9994 |  6.461669e+04 |   +0.60% |  1.02e-14 |      
      100 |   0.9993 |  6.550916e+04 |   +1.38% |  1.67e-14 |      
      110 |   0.9992 |  6.760272e+04 |   +3.20% |  2.71e-14 |      
      120 |   0.9990 |  7.238484e+04 |   +7.07% |  4.41e-14 |      
      130 |   0.9986 |  8.072388e+04 |  +11.52% |  7.18e-14 |      
      140 |   0.9980 |  9.119539e+04 |  +12.97% |  1.17e-13 |      
      150 |   0.9971 |  1.039558e+05 |  +13.99% |  1.89e-13 |      
      160 |   0.9955 |  1.200540e+05 |  +15.49% |  3.08e-13 |      
      170 |   0.9932 |  1.401035e+05 |  +16.70% |  4.99e-13 |      
      180 |   0.9899 |  1.651484e+05 |  +17.88% |  8.08e-13 |      
      190 |   0.9854 |  1.969929e+05 |  +19.28% |  1.31e-12 |      
      200 |   0.9788 |  2.374589e+05 |  +20.54% |  2.11e-12 |      
      210 |   0.9694 |  2.888129e+05 |  +21.63% |  3.40e-12 |      
      220 |   0.9554 |  3.515511e+05 |  +21.72% |  5.47e-12 |      
      230 |   0.9349 |  4.244019e+05 |  +20.72% |  8.77e-12 |      
      240 |   0.9078 |  5.034210e+05 |  +18.62% |  1.40e-11 |      
      250 |   0.8746 |  5.827103e+05 |  +15.75% |  2.25e-11 |      
      260 |   0.8370 |  6.580300e+05 |  +12.93% |  3.60e-11 |      
      270 |   0.7978 |  7.236335e+05 |   +9.97% |  5.78e-11 |      
      280 |   0.7578 |  7.807873e+05 |   +7.90% |  9.29e-11 |      
      290 |   0.7179 |  8.349543e+05 |   +6.94% |  1.50e-10 |      
      300 |   0.6736 |  8.842585e+05 |   +5.91% |  2.41e-10 |      
      310 |   0.6296 |  9.304496e+05 |   +5.22% |  3.89e-10 |      
      320 |   0.5938 |  9.893912e+05 |   +6.33% |  6.25e-10 |      
      330 |   0.5572 |  1.011233e+06 |   +2.21% |  1.01e-09 |      
      340 |   0.5192 |  1.026528e+06 |   +1.51% |  1.64e-09 |      
      350 |   0.4883 |  1.038307e+06 |   +1.15% |  2.66e-09 |      
      360 |   0.4584 |  1.015841e+06 |   -2.16% |  4.34e-09 |      
      370 |   0.4243 |  1.039841e+06 |   +2.36% |  7.03e-09 |      
      380 |   0.3942 |  1.037626e+06 |   -0.21% |  1.14e-08 |      
      390 |   0.3648 |  1.029571e+06 |   -0.78% |  1.86e-08 |      
      400 |   0.3330 |  1.010285e+06 |   -1.87% |  2.90e-08 |      
      410 |   0.3129 |  9.963907e+05 |   -1.38% |  4.28e-08 |      
      420 |   0.2851 |  9.840144e+05 |   -1.24% |  6.30e-08 |      
      430 |   0.2598 |  9.755556e+05 |   -0.86% |  9.28e-08 |      
      440 |   0.2355 |  9.694562e+05 |   -0.63% |  1.37e-07 |      
      450 |   0.2125 |  9.658466e+05 |   -0.37% |  2.01e-07 |      
      460 |   0.1915 |  9.641894e+05 |   -0.17% |  2.97e-07 |      
      470 |   0.1721 |  9.636570e+05 |   -0.06% |  4.37e-07 |      
      480 |   0.1536 |  9.642213e+05 |   +0.06% |  6.44e-07 |      
      490 |   0.1366 |  9.657935e+05 |   +0.16% |  9.48e-07 |      
      500 |   0.1200 |  9.682928e+05 |   +0.26% |  1.40e-06 |      
      510 |   0.1051 |  9.719035e+05 |   +0.37% |  2.06e-06 |      
      514 |   0.1000 |  9.737996e+05 |          |  2.49e-06 |      
---------------------------------------------------------------
[INFO GPL-1001] Global placement finished at iteration 514
[INFO GPL-1002] Placed Cell Area            144949.6598
[INFO GPL-1003] Available Free Area         400431.3460
[INFO GPL-1004] Minimum Feasible Density        0.3700 (cell_area / free_area)
[INFO GPL-1006]   Suggested Target Densities:
[INFO GPL-1007]     - For 90% usage of free space: 0.4022
[INFO GPL-1008]     - For 80% usage of free space: 0.4525
[INFO GPL-1009]     - For 50% usage of free space: 0.7240
[INFO GPL-1014] Final placement area: 144949.66 (+0.00%)
Took 23 seconds: global_placement -skip_io -density 0.3 -pad_left 0 -pad_right 0
Design area 136826 um^2 34% utilization.
write_db /mnt/c/Users/fireg/code/sensor-analysis/bayer-crosstalk-sim/rtl/physical/work/results/nangate45/dual_pd_zncc_tile/base/3_1_place_gp_skip_io.odb
Elapsed time: 0:25.05[h:]min:sec. CPU time: user 343.46 sys 21.84 (1458%). Peak memory: 359252KB.
Log                       Ext     Elapsed/s Peak Memory/MB sha1sum result [0:20)
3_1_place_gp_skip_io      .odb           25            350 d75aa24024d278fa5e3f
/mnt/c/Users/fireg/code/sensor-analysis/bayer-crosstalk-sim/rtl/physical/openroad-flow-scripts/flow/scripts/flow.sh 3_2_place_iop io_placement
Running io_placement.tcl, stage 3_2_place_iop
read_liberty /mnt/c/Users/fireg/code/sensor-analysis/bayer-crosstalk-sim/rtl/physical/openroad-flow-scripts/flow/platforms/nangate45/lib/NangateOpenCellLibrary_typical.lib
read_db /mnt/c/Users/fireg/code/sensor-analysis/bayer-crosstalk-sim/rtl/physical/work/results/nangate45/dual_pd_zncc_tile/base/3_1_place_gp_skip_io.odb
read_sdc /mnt/c/Users/fireg/code/sensor-analysis/bayer-crosstalk-sim/rtl/physical/work/results/nangate45/dual_pd_zncc_tile/base/2_floorplan.sdc
source /mnt/c/Users/fireg/code/sensor-analysis/bayer-crosstalk-sim/rtl/physical/openroad-flow-scripts/flow/platforms/nangate45/setRC.tcl
place_pins -hor_layers metal5 -ver_layers metal6
Found 0 macro blocks.
Using 2 tracks default min distance between IO pins.
[INFO PPL-0001] Number of available slots 4528
[INFO PPL-0002] Number of I/O             47
[INFO PPL-0003] Number of I/O w/sink      47
[INFO PPL-0004] Number of I/O w/o sink    0
[INFO PPL-0005] Slots per section         200
[INFO PPL-0008] Successfully assigned pins to sections.
[INFO PPL-0012] I/O nets HPWL: 20461.88 um.
Design area 136826 um^2 34% utilization.
write_db /mnt/c/Users/fireg/code/sensor-analysis/bayer-crosstalk-sim/rtl/physical/work/results/nangate45/dual_pd_zncc_tile/base/3_2_place_iop.odb
Elapsed time: 0:03.11[h:]min:sec. CPU time: user 0.62 sys 0.51 (36%). Peak memory: 241416KB.
Log                       Ext     Elapsed/s Peak Memory/MB sha1sum result [0:20)
3_2_place_iop             .odb            3            235 f711b80f1f886315d61c
/mnt/c/Users/fireg/code/sensor-analysis/bayer-crosstalk-sim/rtl/physical/openroad-flow-scripts/flow/scripts/flow.sh 3_3_place_gp global_place
Running global_place.tcl, stage 3_3_place_gp
read_liberty /mnt/c/Users/fireg/code/sensor-analysis/bayer-crosstalk-sim/rtl/physical/openroad-flow-scripts/flow/platforms/nangate45/lib/NangateOpenCellLibrary_typical.lib
read_db /mnt/c/Users/fireg/code/sensor-analysis/bayer-crosstalk-sim/rtl/physical/work/results/nangate45/dual_pd_zncc_tile/base/3_2_place_iop.odb
read_sdc /mnt/c/Users/fireg/code/sensor-analysis/bayer-crosstalk-sim/rtl/physical/work/results/nangate45/dual_pd_zncc_tile/base/2_floorplan.sdc
source /mnt/c/Users/fireg/code/sensor-analysis/bayer-crosstalk-sim/rtl/physical/openroad-flow-scripts/flow/platforms/nangate45/setRC.tcl
[INFO RSZ-0026] Removed 0 buffers.
Perform port buffering...
[INFO RSZ-0027] Inserted 26 BUF_X1 input buffers.
[INFO RSZ-0028] Inserted 20 BUF_X1 output buffers.
global_placement -density 0.3 -pad_left 0 -pad_right 0 -routability_driven -timing_driven -force_center_initial_place -min_phi_coef 0.95 -max_phi_coef 1.05
[INFO GPL-0001] ---- Initialize GPL Main Data Structures
[INFO GPL-0002] DBU: 2000
[INFO GPL-0003] SiteSize: (  0.190  1.400 ) um
[INFO GPL-0004] CoreBBox: (  1.140  1.400 ) ( 634.790 634.200 ) um
[INFO GPL-0036] Movable instances area:     136862.586 um^2
[INFO GPL-0037] Total instances area:       137404.960 um^2
[INFO GPL-0035] Pin density area adjust:      8123.782 um^2
[INFO GPL-0032] ---- Initialize Region: Top-level
[INFO GPL-0006] Number of instances:             86387
[INFO GPL-0007] Movable instances:               84348
[INFO GPL-0008] Fixed instances:                  2039
[INFO GPL-0009] Dummy instances:                     0
[INFO GPL-0010] Number of nets:                 105358
[INFO GPL-0011] Number of pins:                 289944
[INFO GPL-0012] Die BBox:  (  0.000  0.000 ) ( 635.930 635.930 ) um
[INFO GPL-0013] Core BBox: (  1.140  1.400 ) ( 634.790 634.200 ) um
[INFO GPL-0016] Core area:                  400973.720 um^2
[INFO GPL-0014] Region name: top-level.
[INFO GPL-0015] Region area:                400973.720 um^2
[INFO GPL-0017] Fixed instances area:          542.374 um^2
[INFO GPL-0018] Movable instances area:     144986.368 um^2
[INFO GPL-0019] Utilization:                    36.208 %
[INFO GPL-0020] Standard cells area:        144986.368 um^2
[INFO GPL-0021] Large instances area:            0.000 um^2
[INFO GPL-0005] ---- Execute Conjugate Gradient Initial Placement.
[INFO GPL-0051] Source of initial instance position counters:
	Odb location = 0	Core center = 84348	Region center = 0
[InitialPlace]  Iter: 1 conjugate gradient residual: 0.00240917 HPWL: 2657841641
[InitialPlace]  Iter: 2 conjugate gradient residual: 0.00534718 HPWL: 820080924
[InitialPlace]  Iter: 3 conjugate gradient residual: 0.00283841 HPWL: 828145954
[InitialPlace]  Iter: 4 conjugate gradient residual: 0.00342883 HPWL: 832077389
[InitialPlace]  Iter: 5 conjugate gradient residual: 0.00281183 HPWL: 833220005
[InitialPlace]  Iter: 6 conjugate gradient residual: 0.01397005 HPWL: 834523526
[InitialPlace]  Iter: 7 conjugate gradient residual: 0.02619126 HPWL: 834678233
[InitialPlace]  Iter: 8 conjugate gradient residual: 0.00372086 HPWL: 836930481
[InitialPlace]  Iter: 9 conjugate gradient residual: 0.00323709 HPWL: 835846920
[InitialPlace]  Iter: 10 conjugate gradient residual: 0.00272819 HPWL: 836017146
[InitialPlace]  Iter: 11 conjugate gradient residual: 0.00330941 HPWL: 835957085
[InitialPlace]  Iter: 12 conjugate gradient residual: 0.00293797 HPWL: 836211850
[InitialPlace]  Iter: 13 conjugate gradient residual: 0.00303240 HPWL: 836155720
[InitialPlace]  Iter: 14 conjugate gradient residual: 0.00437200 HPWL: 836321157
[InitialPlace]  Iter: 15 conjugate gradient residual: 0.00300294 HPWL: 835996704
[InitialPlace]  Iter: 16 conjugate gradient residual: 0.00228130 HPWL: 836498375
[InitialPlace]  Iter: 17 conjugate gradient residual: 0.00628645 HPWL: 836097662
[InitialPlace]  Iter: 18 conjugate gradient residual: 0.00230611 HPWL: 836691654
[InitialPlace]  Iter: 19 conjugate gradient residual: 0.00259200 HPWL: 835964952
[InitialPlace]  Iter: 20 conjugate gradient residual: 0.00202843 HPWL: 836322033
[INFO GPL-0033] ---- Initialize Nesterov Region: Top-level
[WARNING GPL-0302] Target density 0.3000 is too low for the available free area.
Automatically adjusting to uniform density 0.3700.
[INFO GPL-0023] Placement target density:       0.3700
[INFO GPL-0024] Movable insts average area:      1.719 um^2
[INFO GPL-0025] Ideal bin area:                  4.646 um^2
[INFO GPL-0026] Ideal bin count:                 86310
[INFO GPL-0027] Total bin area:             400973.720 um^2
[INFO GPL-0028] Bin count (X, Y):         256 ,    256
[INFO GPL-0029] Bin size (W * H):       2.475 *  2.472 um
[INFO GPL-0030] Number of bins:                  65536
[INFO GPL-0007] ---- Execute Nesterov Global Placement.
[INFO GPL-0031] HPWL: Half-Perimeter Wirelength
Iteration | Overflow |     HPWL (um) |  HPWL(%) |   Penalty | Group
---------------------------------------------------------------
        0 |   0.9990 |  1.335992e+05 |   +0.00% |  8.98e-17 |      
       10 |   0.9976 |  1.059021e+05 |  -20.73% |  1.45e-16 |      
       20 |   0.9968 |  9.569764e+04 |   -9.64% |  2.36e-16 |      
       30 |   0.9964 |  9.638462e+04 |   +0.72% |  3.84e-16 |      
       40 |   0.9963 |  9.718718e+04 |   +0.83% |  6.25e-16 |      
       50 |   0.9961 |  9.750842e+04 |   +0.33% |  1.02e-15 |      
       60 |   0.9959 |  9.813967e+04 |   +0.65% |  1.66e-15 |      
       70 |   0.9957 |  9.918234e+04 |   +1.06% |  2.70e-15 |      
       80 |   0.9955 |  1.001355e+05 |   +0.96% |  4.40e-15 |      
       90 |   0.9953 |  1.009583e+05 |   +0.82% |  7.16e-15 |      
      100 |   0.9953 |  1.021082e+05 |   +1.14% |  1.17e-14 |      
      110 |   0.9950 |  1.038187e+05 |   +1.68% |  1.90e-14 |      
      120 |   0.9947 |  1.061152e+05 |   +2.21% |  3.09e-14 |      
      130 |   0.9943 |  1.092753e+05 |   +2.98% |  5.03e-14 |      
      140 |   0.9937 |  1.138348e+05 |   +4.17% |  8.19e-14 |      
      150 |   0.9928 |  1.204680e+05 |   +5.83% |  1.33e-13 |      
      160 |   0.9917 |  1.298839e+05 |   +7.82% |  2.17e-13 |      
      170 |   0.9901 |  1.429432e+05 |  +10.05% |  3.52e-13 |      
      180 |   0.9875 |  1.604670e+05 |  +12.26% |  5.71e-13 |      
      190 |   0.9838 |  1.834451e+05 |  +14.32% |  9.25e-13 |      
      200 |   0.9784 |  2.131680e+05 |  +16.20% |  1.50e-12 |      
      210 |   0.9707 |  2.512262e+05 |  +17.85% |  2.42e-12 |      
      220 |   0.9595 |  2.987086e+05 |  +18.90% |  3.90e-12 |      
      230 |   0.9439 |  3.557859e+05 |  +19.11% |  6.28e-12 |      
      240 |   0.9223 |  4.210911e+05 |  +18.36% |  1.01e-11 |      
      250 |   0.8951 |  4.923603e+05 |  +16.92% |  1.62e-11 |      
      260 |   0.8638 |  5.650758e+05 |  +14.77% |  2.59e-11 |      
      270 |   0.8279 |  6.342116e+05 |  +12.23% |  4.16e-11 |      
      280 |   0.7898 |  6.924803e+05 |   +9.19% |  6.69e-11 |      
      290 |   0.7539 |  7.377067e+05 |   +6.53% |  1.08e-10 |      
      300 |   0.7164 |  7.867038e+05 |   +6.64% |  1.74e-10 |      
      310 |   0.6692 |  8.320900e+05 |   +5.77% |  2.80e-10 |      
      320 |   0.6344 |  8.750953e+05 |   +5.17% |  4.52e-10 |      
[INFO GPL-0100] Timing-driven iteration 1/2, virtual: false.
[INFO GPL-0101]    Iter: 321, overflow: 0.634, keep resizer changes at: 1, HPWL: 1750190643
Iteration |   Area    | Resized | Buffers | Nets repaired | Remaining
---------------------------------------------------------------------
        0 |     +0.0% |       0 |       0 |             0 |    105358
    final |     +1.5% |     388 |     954 |           730 |         0
---------------------------------------------------------------------
[INFO RSZ-0034] Found 394 slew violations.
[INFO RSZ-0036] Found 626 capacitance violations.
[INFO RSZ-0037] Found 47 long wires.
[INFO RSZ-0039] Resized 388 instances.
[INFO RSZ-0038] Inserted 954 buffers in 730 nets.
   Iter   |    Area   | Removed | Inserted |   Pins
          |           | Buffers | Buffers  | Remaining
-------------------------------------------------------
        0 |     +0.0% |       0 |        0 |    105301
    10500 |     +2.3% |      20 |     4030 |     94801
    21000 |     +3.3% |      67 |     5705 |     84301
    31500 |     +3.3% |     210 |     5948 |     73801
    42000 |     +3.3% |     245 |     6017 |     63301
    52500 |     +3.3% |     256 |     6042 |     52801
    63000 |     +3.4% |     362 |     6387 |     42301
    73500 |     +3.6% |     547 |     7002 |     31801
    84000 |     +3.7% |     628 |     7349 |     21301
    94500 |     +3.7% |     637 |     7386 |     10801
   105000 |     +4.0% |     843 |     8251 |       301
    final |     +4.1% |     954 |     8657 |         0
-------------------------------------------------------
[INFO GPL-0106] Timing-driven: worst slack -1.87e-08
[INFO GPL-0107] Timing-driven: repair_design delta area: 7693.188 um^2 (+5.31%)
[INFO GPL-0108] Timing-driven: repair_design, gpl delta gcells: 8657 (+10.26%)
[INFO GPL-0109] Timing-driven: repair_design, gcells created: 9611, deleted: 954
[INFO GPL-0110] Timing-driven: new target density: 0.38921225
[INFO GPL-0038] Routability snapshot saved at iter = 329
      328 |   0.5977 |  1.155723e+06 |          |           |      
Iteration | Overflow |     HPWL (um) |  HPWL(%) |   Penalty | Group
---------------------------------------------------------------
      330 |   0.5918 |  1.176864e+06 |  +34.48% |  6.84e-10 |      
      340 |   0.5787 |  1.187763e+06 |   +0.93% |  1.11e-09 |      
      350 |   0.5584 |  1.213135e+06 |   +2.14% |  1.80e-09 |      
      360 |   0.5153 |  1.242481e+06 |   +2.42% |  2.91e-09 |      
      370 |   0.4764 |  1.266465e+06 |   +1.93% |  4.72e-09 |      
      380 |   0.4432 |  1.271401e+06 |   +0.39% |  7.67e-09 |      
      390 |   0.4086 |  1.278779e+06 |   +0.58% |  1.25e-08 |      
      400 |   0.3697 |  1.333284e+06 |   +4.26% |  2.01e-08 |      
      410 |   0.3466 |  1.331109e+06 |   -0.16% |  3.26e-08 |      
      420 |   0.3073 |  1.365632e+06 |   +2.59% |  4.83e-08 |      
[INFO GPL-0040] Routability iteration: 1
[WARNING GRT-0281] Net clk has a large fanout of 4223 terminals.
[INFO GPL-0041] Total routing overflow: 13.9314
[INFO GPL-0042] Number of overflowed tiles: 134 (0.27%)
[INFO GPL-0043] Average top 0.5% routing congestion: 1.0360
[INFO GPL-0044] Average top 1.0% routing congestion: 0.9561
[INFO GPL-0045] Average top 2.0% routing congestion: 0.8782
[INFO GPL-0046] Average top 5.0% routing congestion: 0.7912
[INFO GPL-0047] Routability iteration weighted routing congestion: 0.9960
[INFO GPL-0050] Weighted routing congestion is lower than target routing congestion(1.0100), end routability optimization.
[INFO GPL-0090] Routability finished. Target routing congestion achieved succesfully.
Iteration | Overflow |     HPWL (um) |  HPWL(%) |   Penalty | Group
---------------------------------------------------------------
      430 |   0.2967 |  1.340204e+06 |   -1.86% |  7.11e-08 |      
      440 |   0.2640 |  1.357573e+06 |   +1.30% |  1.04e-07 |      
      450 |   0.2510 |  1.331325e+06 |   -1.93% |  1.54e-07 |      
      460 |   0.2240 |  1.317647e+06 |   -1.03% |  2.26e-07 |      
      470 |   0.2021 |  1.302198e+06 |   -1.17% |  3.33e-07 |      
[INFO GPL-0100] Timing-driven iteration 2/2, virtual: false.
[INFO GPL-0101]    Iter: 475, overflow: 0.194, keep resizer changes at: 1, HPWL: 2592401556
Iteration |   Area    | Resized | Buffers | Nets repaired | Remaining
---------------------------------------------------------------------
        0 |     +0.0% |       0 |       0 |             0 |    114015
    final |     +0.1% |       3 |     121 |           123 |         0
---------------------------------------------------------------------
[INFO RSZ-0034] Found 4 slew violations.
[INFO RSZ-0036] Found 114 capacitance violations.
[INFO RSZ-0037] Found 6 long wires.
[INFO RSZ-0039] Resized 3 instances.
[INFO RSZ-0038] Inserted 121 buffers in 123 nets.
   Iter   |    Area   | Removed | Inserted |   Pins
          |           | Buffers | Buffers  | Remaining
-------------------------------------------------------
        0 |     +0.0% |       0 |        0 |    105301
    10500 |     +0.2% |    4033 |     4285 |     94801
    21000 |     +0.2% |    5720 |     6080 |     84301
    31500 |     +0.3% |    5983 |     6442 |     73801
    42000 |     +0.3% |    6056 |     6537 |     63301
    52500 |     +0.3% |    6083 |     6573 |     52801
    63000 |     +0.3% |    6432 |     6934 |     42301
    73500 |     +0.4% |    7101 |     7690 |     31801
    84000 |     +0.4% |    7458 |     8078 |     21301
    94500 |     +0.4% |    7495 |     8114 |     10801
   105000 |     +0.5% |    8362 |     9116 |       301
    final |     +0.5% |    8778 |     9591 |         0
-------------------------------------------------------
[INFO GPL-0106] Timing-driven: worst slack -1.93e-08
[INFO GPL-0107] Timing-driven: repair_design delta area: 873.172 um^2 (+0.57%)
[INFO GPL-0108] Timing-driven: repair_design, gpl delta gcells: 934 (+1.00%)
[INFO GPL-0109] Timing-driven: repair_design, gcells created: 9712, deleted: 8778
[INFO GPL-0110] Timing-driven: new target density: 0.39139283
Iteration | Overflow |     HPWL (um) |  HPWL(%) |   Penalty | Group
---------------------------------------------------------------
      480 |   0.1784 |  1.343256e+06 |   +3.15% |  4.86e-07 |      
      490 |   0.1592 |  1.312171e+06 |   -2.31% |  7.16e-07 |      
      500 |   0.1401 |  1.291365e+06 |   -1.59% |  1.05e-06 |      
      510 |   0.1227 |  1.280911e+06 |   -0.81% |  1.55e-06 |      
      520 |   0.1072 |  1.275456e+06 |   -0.43% |  2.29e-06 |      
      526 |   0.0995 |  1.273504e+06 |          |  3.00e-06 |      
---------------------------------------------------------------
[INFO GPL-1001] Global placement finished at iteration 526
[INFO GPL-1003] Routability mode iteration count: 95
[INFO GPL-1005] Routability final weighted congestion: 0.7892
[INFO GPL-1002] Placed Cell Area            153552.7279
[INFO GPL-1003] Available Free Area         400431.3460
[INFO GPL-1004] Minimum Feasible Density        0.3700 (cell_area / free_area)
[INFO GPL-1006]   Suggested Target Densities:
[INFO GPL-1007]     - For 90% usage of free space: 0.4261
[INFO GPL-1008]     - For 80% usage of free space: 0.4793
[INFO GPL-1009]     - For 50% usage of free space: 0.7669
[INFO GPL-1011] Original area (um^2): 144986.37
[INFO GPL-1012] Total routability artificial inflation: 0.00 (+0.00%)
[INFO GPL-1013] Total timing-driven delta area: 8566.36 (+5.91%)
[INFO GPL-1014] Final placement area: 153552.73 (+5.91%)
Took 108 seconds: global_placement -density 0.3 -pad_left 0 -pad_right 0 -routability_driven -timing_driven -force_center_initial_place -min_phi_coef 0.95 -max_phi_coef 1.05
estimate_parasitics -placement
Report metrics stage 3, global place...

==========================================================================
global place report_design_area
--------------------------------------------------------------------------
Design area 145500 um^2 36% utilization.
write_db /mnt/c/Users/fireg/code/sensor-analysis/bayer-crosstalk-sim/rtl/physical/work/results/nangate45/dual_pd_zncc_tile/base/3_3_place_gp.odb
Elapsed time: 2:31.80[h:]min:sec. CPU time: user 656.47 sys 166.62 (542%). Peak memory: 1175292KB.
Log                       Ext     Elapsed/s Peak Memory/MB sha1sum result [0:20)
3_3_place_gp              .odb          151           1147 a9b8f283aa19d68cafd5
/mnt/c/Users/fireg/code/sensor-analysis/bayer-crosstalk-sim/rtl/physical/openroad-flow-scripts/flow/scripts/flow.sh 3_4_place_resized resize
Running resize.tcl, stage 3_4_place_resized
read_liberty /mnt/c/Users/fireg/code/sensor-analysis/bayer-crosstalk-sim/rtl/physical/openroad-flow-scripts/flow/platforms/nangate45/lib/NangateOpenCellLibrary_typical.lib
read_db /mnt/c/Users/fireg/code/sensor-analysis/bayer-crosstalk-sim/rtl/physical/work/results/nangate45/dual_pd_zncc_tile/base/3_3_place_gp.odb
read_sdc /mnt/c/Users/fireg/code/sensor-analysis/bayer-crosstalk-sim/rtl/physical/work/results/nangate45/dual_pd_zncc_tile/base/2_floorplan.sdc
source /mnt/c/Users/fireg/code/sensor-analysis/bayer-crosstalk-sim/rtl/physical/openroad-flow-scripts/flow/platforms/nangate45/setRC.tcl
estimate_parasitics -placement
Perform buffer insertion and gate resizing...
repair_design -verbose
Iteration |   Area    | Resized | Buffers | Nets repaired | Remaining
---------------------------------------------------------------------
        0 |     +0.0% |       0 |       0 |             0 |    114949
     1000 |     +0.0% |       0 |       0 |             0 |    113949
     2000 |     +0.0% |       0 |       0 |             0 |    112949
     3000 |     +0.0% |       0 |       0 |             0 |    111949
     4000 |     +0.0% |       0 |       0 |             0 |    110949
     5000 |     +0.0% |       0 |       0 |             0 |    109949
     6000 |     +0.0% |       0 |       0 |             0 |    108949
     7000 |     +0.0% |       0 |       0 |             0 |    107949
     8000 |     +0.0% |       0 |       0 |             0 |    106949
     9000 |     +0.0% |       0 |       0 |             0 |    105949
    10000 |     +0.0% |       0 |       0 |             0 |    104949
    11000 |     +0.0% |       0 |       0 |             0 |    103949
    12000 |     +0.0% |       0 |       0 |             0 |    102949
    13000 |     +0.0% |       0 |       0 |             0 |    101949
    14000 |     +0.0% |       0 |       0 |             0 |    100949
    15000 |     +0.0% |       0 |       0 |             0 |     99949
    16000 |     +0.0% |       0 |       0 |             0 |     98949
    17000 |     +0.0% |       0 |       0 |             0 |     97949
    18000 |     +0.0% |       0 |       0 |             0 |     96949
    19000 |     +0.0% |       0 |       0 |             0 |     95949
    20000 |     +0.0% |       0 |       0 |             0 |     94949
    21000 |     +0.0% |       0 |       0 |             0 |     93949
    22000 |     +0.0% |       0 |       0 |             0 |     92949
    23000 |     +0.0% |       0 |       0 |             0 |     91949
    24000 |     +0.0% |       0 |       0 |             0 |     90949
    25000 |     +0.0% |       0 |       0 |             0 |     89949
    26000 |     +0.0% |       0 |       0 |             0 |     88949
    27000 |     +0.0% |       0 |       0 |             0 |     87949
    28000 |     +0.0% |       0 |       0 |             0 |     86949
    29000 |     +0.0% |       0 |       0 |             0 |     85949
    30000 |     +0.0% |       0 |       0 |             0 |     84949
    31000 |     +0.0% |       0 |       0 |             0 |     83949
    32000 |     +0.0% |       0 |       0 |             0 |     82949
    33000 |     +0.0% |       0 |       0 |             0 |     81949
    34000 |     +0.0% |       0 |       0 |             0 |     80949
    35000 |     +0.0% |       0 |       0 |             0 |     79949
    36000 |     +0.0% |       0 |       0 |             0 |     78949
    37000 |     +0.0% |       0 |       0 |             0 |     77949
    38000 |     +0.0% |       0 |       0 |             0 |     76949
    39000 |     +0.0% |       0 |       0 |             0 |     75949
    40000 |     +0.0% |       0 |       0 |             0 |     74949
    41000 |     +0.0% |       0 |       0 |             0 |     73949
    42000 |     +0.0% |       0 |       0 |             0 |     72949
    43000 |     +0.0% |       0 |       0 |             0 |     71949
    44000 |     +0.0% |       0 |       0 |             0 |     70949
    45000 |     +0.0% |       0 |       0 |             0 |     69949
    46000 |     +0.0% |       0 |       0 |             0 |     68949
    47000 |     +0.0% |       0 |       0 |             0 |     67949
    48000 |     +0.0% |       0 |       0 |             0 |     66949
    49000 |     +0.0% |       0 |       0 |             0 |     65949
    50000 |     +0.0% |       0 |       0 |             0 |     64949
    51000 |     +0.0% |       0 |       0 |             0 |     63949
    52000 |     +0.0% |       0 |       0 |             0 |     62949
    53000 |     +0.0% |       0 |       0 |             0 |     61949
    54000 |     +0.0% |       0 |       0 |             0 |     60949
    55000 |     +0.0% |       0 |       0 |             0 |     59949
    56000 |     +0.0% |       0 |       0 |             0 |     58949
    57000 |     +0.0% |       0 |       0 |             0 |     57949
    58000 |     +0.0% |       0 |       0 |             0 |     56949
    59000 |     +0.0% |       0 |       0 |             0 |     55949
    60000 |     +0.0% |       0 |       0 |             0 |     54949
    61000 |     +0.0% |       0 |       0 |             0 |     53949
    62000 |     +0.0% |       0 |       0 |             0 |     52949
    63000 |     +0.0% |       0 |       0 |             0 |     51949
    64000 |     +0.0% |       0 |       0 |             0 |     50949
    65000 |     +0.0% |       0 |       0 |             0 |     49949
    66000 |     +0.0% |       0 |       0 |             0 |     48949
    67000 |     +0.0% |       0 |       0 |             0 |     47949
    68000 |     +0.0% |       0 |       0 |             0 |     46949
    69000 |     +0.0% |       0 |       0 |             0 |     45949
    70000 |     +0.0% |       0 |       0 |             0 |     44949
    71000 |     +0.0% |       0 |       0 |             0 |     43949
    72000 |     +0.0% |       0 |       0 |             0 |     42949
    73000 |     +0.0% |       0 |       0 |             0 |     41949
    74000 |     +0.0% |       0 |       0 |             0 |     40949
    75000 |     +0.0% |       0 |       0 |             0 |     39949
    76000 |     +0.0% |       0 |       1 |             1 |     38949
    77000 |     +0.0% |       0 |       1 |             1 |     37949
    78000 |     +0.0% |       0 |       1 |             1 |     36949
    79000 |     +0.0% |       0 |       1 |             1 |     35949
    80000 |     +0.0% |       0 |       1 |             1 |     34949
    81000 |     +0.0% |       0 |       1 |             1 |     33949
    82000 |     +0.0% |       0 |       1 |             1 |     32949
    83000 |     +0.0% |       0 |       1 |             1 |     31949
    84000 |     +0.0% |       0 |       1 |             1 |     30949
    85000 |     +0.0% |       0 |       1 |             1 |     29949
    86000 |     +0.0% |       0 |       1 |             1 |     28949
    87000 |     +0.0% |       0 |       2 |             2 |     27949
    88000 |     +0.0% |       0 |       2 |             2 |     26949
    89000 |     +0.0% |       0 |       2 |             2 |     25949
    90000 |     +0.0% |       0 |       2 |             2 |     24949
    91000 |     +0.0% |       0 |       2 |             2 |     23949
    92000 |     +0.0% |       0 |       2 |             2 |     22949
    93000 |     +0.0% |       0 |       2 |             2 |     21949
    94000 |     +0.0% |       0 |       2 |             2 |     20949
    95000 |     +0.0% |       0 |       2 |             2 |     19949
    96000 |     +0.0% |       0 |       2 |             2 |     18949
    97000 |     +0.0% |       0 |       2 |             2 |     17949
    98000 |     +0.0% |       0 |       2 |             2 |     16949
    99000 |     +0.0% |       0 |       2 |             2 |     15949
   100000 |     +0.0% |       0 |       2 |             2 |     14949
   101000 |     +0.0% |       0 |       2 |             2 |     13949
   102000 |     +0.0% |       0 |       2 |             2 |     12949
   103000 |     +0.0% |       0 |       2 |             2 |     11949
   104000 |     +0.0% |       0 |       2 |             2 |     10949
   105000 |     +0.0% |       0 |       2 |             2 |      9949
   106000 |     +0.0% |       0 |       2 |             2 |      8949
   107000 |     +0.0% |       0 |       2 |             2 |      7949
   108000 |     +0.0% |       0 |       2 |             2 |      6949
   109000 |     +0.0% |       0 |       2 |             2 |      5949
   110000 |     +0.0% |       0 |       2 |             2 |      4949
   111000 |     +0.0% |       0 |       2 |             2 |      3949
   112000 |     +0.0% |       0 |       2 |             2 |      2949
   113000 |     +0.0% |       0 |       2 |             2 |      1949
   114000 |     +0.0% |       0 |       2 |             2 |       949
    final |     +0.0% |       0 |       2 |             2 |         0
---------------------------------------------------------------------
[INFO RSZ-0036] Found 2 capacitance violations.
[INFO RSZ-0038] Inserted 2 buffers in 2 nets.
Took 7 seconds: repair_design -verbose
Floating nets: 
Report metrics stage 3, resizer...

==========================================================================
resizer report_design_area
--------------------------------------------------------------------------
Design area 145503 um^2 36% utilization.
Instance count before 95978, after 95980
Pin count before 309079, after 309083
write_db /mnt/c/Users/fireg/code/sensor-analysis/bayer-crosstalk-sim/rtl/physical/work/results/nangate45/dual_pd_zncc_tile/base/3_4_place_resized.odb
Elapsed time: 0:59.15[h:]min:sec. CPU time: user 74.16 sys 25.48 (168%). Peak memory: 542612KB.
Log                       Ext     Elapsed/s Peak Memory/MB sha1sum result [0:20)
3_4_place_resized         .odb           59            529 ad3aeac6c56aba2d57e4
/mnt/c/Users/fireg/code/sensor-analysis/bayer-crosstalk-sim/rtl/physical/openroad-flow-scripts/flow/scripts/flow.sh 3_5_place_dp detail_place
Running detail_place.tcl, stage 3_5_place_dp
read_liberty /mnt/c/Users/fireg/code/sensor-analysis/bayer-crosstalk-sim/rtl/physical/openroad-flow-scripts/flow/platforms/nangate45/lib/NangateOpenCellLibrary_typical.lib
read_db /mnt/c/Users/fireg/code/sensor-analysis/bayer-crosstalk-sim/rtl/physical/work/results/nangate45/dual_pd_zncc_tile/base/3_4_place_resized.odb
read_sdc /mnt/c/Users/fireg/code/sensor-analysis/bayer-crosstalk-sim/rtl/physical/work/results/nangate45/dual_pd_zncc_tile/base/2_floorplan.sdc
source /mnt/c/Users/fireg/code/sensor-analysis/bayer-crosstalk-sim/rtl/physical/openroad-flow-scripts/flow/platforms/nangate45/setRC.tcl
detailed_placement
Placement Analysis
---------------------------------
total displacement      61842.0 u
average displacement        0.6 u
max displacement            2.5 u
original HPWL         1278199.7 u
legalized HPWL        1312430.4 u
delta HPWL                    3 %

improve_placement -max_displacement "5 1"
Detailed placement improvement.
[INFO DPL-0401] Setting random seed to 1.
[INFO DPL-0402] Setting maximum displacement 5 1 to 14000 2800 units.
[INFO DPL-0320] Collected 2086 fixed cells.
[INFO DPL-0318] Collected 93941 single height cells.
[INFO DPL-0321] Collected 0 wide cells.
[INFO DPL-0322] Image (2280, 2800) - (1269580, 1268400)
[INFO DPL-0310] Assigned 93941 cells into segments.  Movement in X-direction is 0.000000, movement in Y-direction is 0.000000.
[INFO DPL-0313] Found 0 cells in wrong regions.
[INFO DPL-0315] Found 0 row alignment problems.
[INFO DPL-0314] Found 0 site alignment problems.
[INFO DPL-0311] Found 0 overlaps between adjacent cells.
[INFO DPL-0312] Found 0 edge spacing violations and 0 padding violations.
[INFO DPL-0303] Running algorithm for independent set matching.
[INFO DPL-0300] Set matching objective is wirelength.
[INFO DPL-0301] Pass   1 of matching; objective is 2.617465e+09.
[INFO DPL-0302] End of matching; objective is 2.615634e+09, improvement is 0.07 percent.
[INFO DPL-0303] Running algorithm for global swaps.
[INFO DPL-0306] Pass   1 of global swaps; hpwl is 2.571164e+09.
[INFO DPL-0306] Pass   2 of global swaps; hpwl is 2.561029e+09.
[INFO DPL-0307] End of global swaps; objective is 2.561029e+09, improvement is 2.09 percent.
[INFO DPL-0303] Running algorithm for vertical swaps.
[INFO DPL-0308] Pass   1 of vertical swaps; hpwl is 2.552526e+09.
[INFO DPL-0309] End of vertical swaps; objective is 2.552526e+09, improvement is 0.33 percent.
[INFO DPL-0303] Running algorithm for reordering.
[INFO DPL-0304] Pass   1 of reordering; objective is 2.549832e+09.
[INFO DPL-0305] End of reordering; objective is 2.549832e+09, improvement is 0.11 percent.
[INFO DPL-0303] Running algorithm for random improvement.
[INFO DPL-0324] Random improver is using random generator.
[INFO DPL-0325] Random improver is using hpwl objective.
[INFO DPL-0326] Random improver cost string is (a).
[INFO DPL-0332] End of pass, Generator random called 1878820 times.
[INFO DPL-0335] Generator random, Cumulative attempts 1878820, swaps 136300, moves 791157 since last reset.
[INFO DPL-0333] End of pass, Objective hpwl, Initial cost 2.547312e+09, Scratch cost 2.521437e+09, Incremental cost 2.521437e+09, Mismatch? N
[INFO DPL-0338] End of pass, Total cost is 2.521437e+09.
[INFO DPL-0327] Pass   1 of random improver; improvement in cost is 1.02 percent.
[INFO DPL-0332] End of pass, Generator random called 1878820 times.
[INFO DPL-0335] Generator random, Cumulative attempts 3757640, swaps 271517, moves 1573500 since last reset.
[INFO DPL-0333] End of pass, Objective hpwl, Initial cost 2.521437e+09, Scratch cost 2.510407e+09, Incremental cost 2.510407e+09, Mismatch? N
[INFO DPL-0338] End of pass, Total cost is 2.510407e+09.
[INFO DPL-0327] Pass   2 of random improver; improvement in cost is 0.44 percent.
[INFO DPL-0328] End of random improver; improvement is 1.448781 percent.
[INFO DPL-0380] Cell flipping.
[INFO DPL-0382] Changed 0 cell orientations for row compatibility.
[INFO DPL-0383] Performed 30898 cell flips.
[INFO DPL-0384] End of flipping; objective is 2.481544e+09, improvement is 1.25 percent.
[INFO DPL-0313] Found 0 cells in wrong regions.
[INFO DPL-0315] Found 0 row alignment problems.
[INFO DPL-0314] Found 0 site alignment problems.
[INFO DPL-0311] Found 0 overlaps between adjacent cells.
[INFO DPL-0312] Found 0 edge spacing violations and 0 padding violations.
Detailed Improvement Results
------------------------------------------
Original HPWL          1312430.4 u (  669203.3,   643227.1)
Final HPWL             1245452.9 u (  629374.2,   616078.7)
Delta HPWL                  -5.1 % (      -6.0,       -4.2)

Took 30 seconds: improve_placement -max_displacement "5 1"
optimize_mirroring
[INFO DPL-0020] Mirrored 6980 instances
[INFO DPL-0021] HPWL before          1245452.9 u
[INFO DPL-0022] HPWL after           1244747.5 u
[INFO DPL-0023] HPWL delta               -0.1 %
[INFO FLW-0012] Placement violations .
estimate_parasitics -placement
Report metrics stage 3, detailed place...

==========================================================================
detailed place report_design_area
--------------------------------------------------------------------------
Design area 145503 um^2 36% utilization.
write_db /mnt/c/Users/fireg/code/sensor-analysis/bayer-crosstalk-sim/rtl/physical/work/results/nangate45/dual_pd_zncc_tile/base/3_5_place_dp.odb
write_sdc -no_timestamp /mnt/c/Users/fireg/code/sensor-analysis/bayer-crosstalk-sim/rtl/physical/work/results/nangate45/dual_pd_zncc_tile/base/3_place.sdc
Elapsed time: 1:21.08[h:]min:sec. CPU time: user 97.03 sys 24.46 (149%). Peak memory: 687580KB.
Log                       Ext     Elapsed/s Peak Memory/MB sha1sum result [0:20)
3_5_place_dp              .odb           81            671 e536fa1f67f7715ce2de
cp /mnt/c/Users/fireg/code/sensor-analysis/bayer-crosstalk-sim/rtl/physical/work/results/nangate45/dual_pd_zncc_tile/base/3_5_place_dp.odb /mnt/c/Users/fireg/code/sensor-analysis/bayer-crosstalk-sim/rtl/physical/work/results/nangate45/dual_pd_zncc_tile/base/3_place.odb
/mnt/c/Users/fireg/code/sensor-analysis/bayer-crosstalk-sim/rtl/physical/openroad-flow-scripts/flow/scripts/flow.sh 4_1_cts cts
Running cts.tcl, stage 4_1_cts
read_liberty /mnt/c/Users/fireg/code/sensor-analysis/bayer-crosstalk-sim/rtl/physical/openroad-flow-scripts/flow/platforms/nangate45/lib/NangateOpenCellLibrary_typical.lib
read_db /mnt/c/Users/fireg/code/sensor-analysis/bayer-crosstalk-sim/rtl/physical/work/results/nangate45/dual_pd_zncc_tile/base/3_place.odb
read_sdc /mnt/c/Users/fireg/code/sensor-analysis/bayer-crosstalk-sim/rtl/physical/work/results/nangate45/dual_pd_zncc_tile/base/3_place.sdc
source /mnt/c/Users/fireg/code/sensor-analysis/bayer-crosstalk-sim/rtl/physical/openroad-flow-scripts/flow/platforms/nangate45/setRC.tcl
clock_tree_synthesis -sink_clustering_enable -repair_clock_nets
[INFO CTS-0050] Root buffer is CLKBUF_X3.
[INFO CTS-0051] Sink buffer is CLKBUF_X3.
[INFO CTS-0052] The following clock buffers will be used for CTS:
                    CLKBUF_X3
[INFO CTS-0049] Characterization buffer is CLKBUF_X3.
[INFO CTS-0007] Net "clk" found for clock "clk".
[INFO CTS-0010]  Clock net "clk" has 4222 sinks.
[INFO CTS-0008] TritonCTS found 1 clock nets.
[INFO CTS-0097] Characterization used 1 buffer(s) types.
[INFO CTS-0201] 0 blockages from hard placement blockages and placed macros will be used.
[INFO CTS-0027] Generating H-Tree topology for net clk.
[INFO CTS-0028]  Total number of sinks: 4222.
[INFO CTS-0090]  Sinks will be clustered based on buffer max cap.
[INFO CTS-0030]  Number of static layers: 0.
[INFO CTS-0020]  Wire segment unit: 14000  dbu (7 um).
[INFO CTS-0206] Best clustering solution was found from clustering size of 20 and clustering diameter of 50.
[INFO CTS-0019]  Total number of sinks after clustering: 783.
[INFO CTS-0024]  Normalized sink region: [(0.47869, 0.7), (89.6954, 90.242)].
[INFO CTS-0025]     Width:  89.2167.
[INFO CTS-0026]     Height: 89.5420.
 Level 1
    Direction: Vertical
    Sinks per sub-region: 392
    Sub-region size: 89.2167 X 44.7710
[INFO CTS-0034]     Segment length (rounded): 22.
 Level 2
    Direction: Horizontal
    Sinks per sub-region: 196
    Sub-region size: 44.6083 X 44.7710
[INFO CTS-0034]     Segment length (rounded): 22.
 Level 3
    Direction: Vertical
    Sinks per sub-region: 98
    Sub-region size: 44.6083 X 22.3855
[INFO CTS-0034]     Segment length (rounded): 12.
 Level 4
    Direction: Horizontal
    Sinks per sub-region: 49
    Sub-region size: 22.3042 X 22.3855
[INFO CTS-0034]     Segment length (rounded): 12.
 Level 5
    Direction: Vertical
    Sinks per sub-region: 25
    Sub-region size: 22.3042 X 11.1927
[INFO CTS-0034]     Segment length (rounded): 6.
 Level 6
    Direction: Horizontal
    Sinks per sub-region: 13
    Sub-region size: 11.1521 X 11.1927
[INFO CTS-0034]     Segment length (rounded): 6.
[INFO CTS-0032]  Stop criterion found. Max number of sinks is 15.
[INFO CTS-0035]  Number of sinks covered: 783.
[INFO CTS-0018]     Created 858 clock buffers.
[INFO CTS-0012]     Minimum number of buffers in the clock path: 4.
[INFO CTS-0013]     Maximum number of buffers in the clock path: 5.
[INFO CTS-0015]     Created 858 clock nets.
[INFO CTS-0016]     Fanout distribution for the current clock = 2:7, 3:25, 4:112, 5:239, 6:307, 7:93, 8:7, 9:7, 10:6, 11:9, 12:5, 13:6, 14:6, 15:5, 16:2, 17:3, 18:2, 20:2, 21:1, 23:1..
[INFO CTS-0017]     Max level of the clock tree: 6.
[INFO CTS-0098] Clock net "clk"
[INFO CTS-0099]  Sinks 4907
[INFO CTS-0100]  Leaf buffers 781
[INFO CTS-0101]  Average sink wire length 1113.97 um
[INFO CTS-0102]  Path depth 4 - 5
[INFO CTS-0207]  Dummy loads inserted 685
[INFO RSZ-0047] Found 1 long wires.
[INFO RSZ-0048] Inserted 1 buffers in 1 nets.
estimate_parasitics -placement
detailed_placement
Placement Analysis
---------------------------------
total displacement       1663.0 u
average displacement        0.0 u
max displacement            3.4 u
original HPWL         1276858.0 u
legalized HPWL        1293639.5 u
delta HPWL                    1 %

estimate_parasitics -placement
repair_timing -setup_margin 0 -hold_margin 0 -repair_tns 100 -verbose
[INFO RSZ-0100] Repair move sequence: UnbufferMove SizeUpMove SwapPinsMove BufferMove CloneMove SplitLoadMove 
[INFO RSZ-0094] Found 17 endpoints with setup violations.
[INFO RSZ-0099] Repairing 17 out of 17 (100.00%) violating endpoints...
   Iter   | Removed | Resized | Inserted | Cloned |  Pin  |   Area   |    WNS   |   TNS      |  Viol  | Worst
          | Buffers |  Gates  | Buffers  |  Gates | Swaps |          |          |            | Endpts | Endpt
--------------------------------------------------------------------------------------------------------------
        0 |       0 |       0 |        0 |      0 |     0 |    +0.0% |  -19.249 |     -287.8 |     17 | confidence_u8[0]$_DFFE_PN0P_/D
       10 |       0 |       7 |        2 |      0 |     0 |    +0.0% |  -19.158 |     -287.1 |     17 | confidence_u8[0]$_DFFE_PN0P_/D
       20 |       0 |      16 |        2 |      0 |     1 |    +0.0% |  -19.122 |     -286.7 |     17 | confidence_u8[0]$_DFFE_PN0P_/D
       30 |       0 |      22 |        2 |      1 |     4 |    +0.0% |  -19.091 |     -286.2 |     17 | confidence_u8[0]$_DFFE_PN0P_/D
       40 |       0 |      32 |        2 |      1 |     4 |    +0.0% |  -19.087 |     -286.1 |     17 | confidence_u8[0]$_DFFE_PN0P_/D
       50 |       0 |      39 |        3 |      2 |     5 |    +0.0% |  -19.031 |     -285.5 |     17 | confidence_u8[0]$_DFFE_PN0P_/D
       60 |       0 |      48 |        3 |      3 |     5 |    +0.0% |  -19.022 |     -285.3 |     17 | confidence_u8[0]$_DFFE_PN0P_/D
       70 |       0 |      58 |        3 |      3 |     5 |    +0.0% |  -18.983 |     -284.6 |     17 | confidence_u8[0]$_DFFE_PN0P_/D
       80 |       0 |      67 |        3 |      3 |     6 |    +0.0% |  -18.948 |     -284.2 |     17 | confidence_u8[0]$_DFFE_PN0P_/D
       90 |       0 |      77 |        3 |      3 |     6 |    +0.0% |  -18.926 |     -284.0 |     17 | confidence_u8[0]$_DFFE_PN0P_/D
      100 |       0 |      87 |        3 |      3 |     6 |    +0.1% |  -18.894 |     -283.7 |     17 | confidence_u8[0]$_DFFE_PN0P_/D
      110 |       0 |      96 |        4 |      3 |     6 |    +0.1% |  -18.832 |     -283.2 |     17 | confidence_u8[0]$_DFFE_PN0P_/D
      120 |       0 |     106 |        4 |      3 |     6 |    +0.1% |  -18.782 |     -282.8 |     17 | confidence_u8[0]$_DFFE_PN0P_/D
      130 |       0 |     112 |        5 |      4 |     8 |    +0.1% |  -18.765 |     -282.7 |     17 | confidence_u8[0]$_DFFE_PN0P_/D
      140 |       0 |     121 |        5 |      4 |     9 |    +0.1% |  -18.745 |     -282.4 |     17 | confidence_u8[0]$_DFFE_PN0P_/D
      150 |       0 |     129 |        5 |      5 |    10 |    +0.1% |  -18.725 |     -282.3 |     17 | confidence_u8[0]$_DFFE_PN0P_/D
      160 |       0 |     138 |        5 |      5 |    11 |    +0.1% |  -18.683 |     -281.9 |     17 | confidence_u8[0]$_DFFE_PN0P_/D
      170 |       0 |     147 |        6 |      5 |    11 |    +0.1% |  -18.635 |     -281.5 |     17 | confidence_u8[0]$_DFFE_PN0P_/D
      180 |       0 |     156 |        7 |      5 |    11 |    +0.1% |  -18.619 |     -281.3 |     17 | confidence_u8[0]$_DFFE_PN0P_/D
      190 |       0 |     164 |        7 |      6 |    12 |    +0.1% |  -18.603 |     -281.1 |     17 | confidence_u8[0]$_DFFE_PN0P_/D
      200 |       0 |     174 |        7 |      6 |    12 |    +0.1% |  -18.529 |     -280.8 |     17 | confidence_u8[0]$_DFFE_PN0P_/D
      210 |       0 |     181 |        7 |      7 |    14 |    +0.1% |  -18.518 |     -280.6 |     17 | confidence_u8[0]$_DFFE_PN0P_/D
      220 |       0 |     190 |        8 |      7 |    14 |    +0.1% |  -18.461 |     -280.2 |     17 | confidence_u8[0]$_DFFE_PN0P_/D
      230 |       0 |     198 |        9 |      8 |    14 |    +0.1% |  -18.448 |     -280.3 |     17 | confidence_u8[0]$_DFFE_PN0P_/D
      240 |       0 |     207 |        9 |      8 |    15 |    +0.1% |  -18.414 |     -279.8 |     17 | confidence_u8[0]$_DFFE_PN0P_/D
make[1]: *** [flow/Makefile:572: do-4_1_cts] Hangup
make: *** [flow/Makefile:572: /mnt/c/Users/fireg/code/sensor-analysis/bayer-crosstalk-sim/rtl/physical/work/results/nangate45/dual_pd_zncc_tile/base/4_1_cts.odb] Hangup
/mnt/c/Users/fireg/code/sensor-analysis/bayer-crosstalk-sim/rtl/physical/openroad-flow-scripts/flow/scripts/flow.sh: line 1:  3887 Hangup                  $RUN_CMD --log "$(realpath "$LOG_DIR/$1.tmp.log")" --append --tee -- $OPENROAD_CMD -no_splash "$SCRIPTS_DIR/$2.tcl" -metrics "$LOG_DIR/$1.json"
