/mnt/c/Users/fireg/code/sensor-analysis/bayer-crosstalk-sim/rtl/physical/openroad-flow-scripts/flow/scripts/flow.sh 6_report final_report
Running final_report.tcl, stage 6_report
read_liberty /mnt/c/Users/fireg/code/sensor-analysis/bayer-crosstalk-sim/rtl/physical/openroad-flow-scripts/flow/platforms/nangate45/lib/NangateOpenCellLibrary_typical.lib
read_db /mnt/c/Users/fireg/code/sensor-analysis/bayer-crosstalk-sim/rtl/physical/work40/results/nangate45/dual_pd_zncc_tile/base/6_1_fill.odb
read_sdc /mnt/c/Users/fireg/code/sensor-analysis/bayer-crosstalk-sim/rtl/physical/work40/results/nangate45/dual_pd_zncc_tile/base/6_1_fill.sdc
source /mnt/c/Users/fireg/code/sensor-analysis/bayer-crosstalk-sim/rtl/physical/openroad-flow-scripts/flow/platforms/nangate45/setRC.tcl
write_db /mnt/c/Users/fireg/code/sensor-analysis/bayer-crosstalk-sim/rtl/physical/work40/results/nangate45/dual_pd_zncc_tile/base/6_final.odb
Took 7 seconds: write_db /mnt/c/Users/fireg/code/sensor-analysis/bayer-crosstalk-sim/rtl/physical/work40/results/nangate45/dual_pd_zncc_tile/base/6_final.odb
write_sdc -no_timestamp /mnt/c/Users/fireg/code/sensor-analysis/bayer-crosstalk-sim/rtl/physical/work40/results/nangate45/dual_pd_zncc_tile/base/6_final.sdc
Deleted 0 routing obstructions
[INFO RCX-0435] Reading extraction model file /mnt/c/Users/fireg/code/sensor-analysis/bayer-crosstalk-sim/rtl/physical/openroad-flow-scripts/flow/platforms/nangate45/rcx_patterns.rules ...
[INFO RCX-0434] Defined process_corner MinMax0 with ext_model_index 0 (using extRulesFile defaults)
[INFO RCX-0436] RC segment generation dual_pd_zncc_tile (max_merge_res 50.0) ...
[INFO RCX-0040] Final 336404 rc segments
[INFO RCX-0439] Coupling Cap extraction dual_pd_zncc_tile ...
[INFO RCX-0440] Coupling threshhold is 0.1000 fF, coupling capacitance less than 0.1000 fF will be grounded.
[INFO RCX-0442] 10% of 552110 wires extracted
[INFO RCX-0442] 22% of 552110 wires extracted
[INFO RCX-0442] 34% of 552110 wires extracted
[INFO RCX-0442] 48% of 552110 wires extracted
[INFO RCX-0442] 60% of 552110 wires extracted
[INFO RCX-0442] 72% of 552110 wires extracted
[INFO RCX-0442] 84% of 552110 wires extracted
[INFO RCX-0442] 100% of 552110 wires extracted
[INFO RCX-0045] Extract 122275 nets, 454320 rsegs, 454320 caps, 856141 ccs
[INFO RCX-0042] 100000 nets finished
[INFO RCX-0443] 122275 nets finished
IR drop analysis for power nets is skipped because PWR_NETS_VOLTAGES is undefined
IR drop analysis for ground nets is skipped because GND_NETS_VOLTAGES is undefined
Cell type report:                       Count       Area
  Fill cell                            132887  248270.30
  Tap cell                               2039     542.37
  Clock buffer                           1221    1439.33
  Timing Repair Buffer                  16096   13256.64
  Inverter                              21011   11236.11
  Clock inverter                          322     258.82
  Sequential cell                        4222   22463.70
  Multi-Input combinational cell        59069  103506.45
  Total                                236867  400973.72
Report metrics stage 6, finish...

==========================================================================
finish report_design_area
--------------------------------------------------------------------------
Design area 152161 um^2 38% utilization.
Elapsed time: 1:41.29[h:]min:sec. CPU time: user 145.78 sys 57.25 (200%). Peak memory: 1112324KB.
Log                       Ext     Elapsed/s Peak Memory/MB sha1sum result [0:20)
6_report                                101           1086                  N/A
